 Claude Switcher    Accounts  Chats  Activity  Usage  Doctor  Settings    ● work
───────────────────────────────────────────────━━━━━────────────────────────────
                                                                                
 ╭───────────────┬────────────────┬───────────┬───────────────────────────────╮ 
 │ Total tokens  │ Output tokens  │ Sessions  │ Period                        │ 
 │ 1.9M          │ 298k           │ 26        │ Aug 16, 2026 – Sep 29, 2026   │ 
 ╰───────────────┴────────────────┴───────────┴───────────────────────────────╯ 
                                                                                
 By model                                 Top projects                          
 sonnet 4.5  ━━━━━━━━━━━━  814k  41.6%    api        ━━━━━━━━━━━━━  805k  41.1% 
 opus 5      ━━━━━━━━━━━╸  797k  40.7%    notes      ━━━━━━╸──────  415k  21.2% 
 haiku 4.5   ━━━━━───────  345k  17.7%    ﯽﺑﺎﯾﺭﺍﺯﺎﺑ  ━━━━━━╸──────  398k  20.4% 
                                          web        ━━━━━╸───────  337k  17.3% 
                                                                                
 Last 30 days  output tokens per day                peak 31k                    
                                           █     ▅     ▃                        
                     ▅     ▄     ▂         █     █     █                        
           ▁ █     ▅ █   ▂ █     █     █   █ ▆   █ ▄   █ ▂                      
           █ █ ▃ █ █ █ ▇ █ █ ▆ ▇ █ ▅ ▅ █ ▄ █ █ ▃ █ █ ▂ █ █ ▂                    
 Aug 31, 2026 ───────────────────────────────── Sep 29, 2026                    
                                                                                
 Counted from local transcripts, each API message once. Tokens, not money.      
                                                                                
r refresh  ? more                                                         v3.0.0