 Claude Switcher  by nyxon   Accounts · Chats · Activity · Usage · Doctor · Settings              ● work  Desktop closed
────────────────────────────────────────━━━━━───────────────────────────────────────────────────────────────────────────
 All 7   work 3   personal 4   Lost 1                                                                                   
/ Type to search                                                                                                 7 chats
                                                                                                                        
  ☑ Fix the login redirect                 proj   just now      work     │ ﺱﻼﮐ ﯼﺎﻫﺖﺷﺍﺩﺩﺎﯾ                               
  ☐ Trip plan                              proj   just now      personal │ /work/ﺎﻫﺱﺭﺩ                                  
  ☑ ﺩﻭﺭﻭ ﯼﻪﺤﻔﺻ ﯽﺴﯾﻮﻧﺯﺎﺑ                    proj   1h ago        work     │ personal · created Sep 28, 2026              
  ☐ Budget sheet                           proj   ! no history  personal │ used yesterday                               
  ☐ Release notes                          proj   2h ago        work     │ claude-opus-5 · 2 prompts · 2 replies        
▌ ☐ ﺱﻼﮐ ﯼﺎﻫﺖﺷﺍﺩﺩﺎﯾ                         ﺎﻫﺱﺭﺩ  yesterday     personal │                                              
  ☐ Old experiment                         notes  5d ago        personal │ First prompt                                 
                                                                         │      notes.md ﺭﺩ ﻭ ﺲﯾﻮﻨﺑ ﺍﺭ ﺯﻭﺮﻣﺍ ﯼﻪﺴﻠﺟ ﯼﻪﺻﻼﺧ
                                                                         │   .ﻦﮐ ﺯﻭﺭﻪﺑ ﻢﻫ ﺍﺭ «ﯼﺪﻌﺑ ﯼﺎﻫﺭﺎﮐ» ﺶﺨﺑ ؛ﻦﮐ ﻩﺮﯿﺧﺫ
                                                                         │                                              
                                                                         │ Last prompt                                  
                                                                         │   Add an English version under the Persian   
                                                                         │   summary.                                   
                                                                         │                                              
                                                                         │ Recent messages                              
                                                                         │ You  yesterday                               
                                                                         │      notes.md ﺭﺩ ﻭ ﺲﯾﻮﻨﺑ ﺍﺭ ﺯﻭﺮﻣﺍ ﯼﻪﺴﻠﺟ ﯼﻪﺻﻼﺧ
                                                                         │   .ﻦﮐ ﺯﻭﺭﻪﺑ ﻢﻫ ﺍﺭ «ﯼﺪﻌﺑ ﯼﺎﻫﺭﺎﮐ» ﺶﺨﺑ ؛ﻦﮐ ﻩﺮﯿﺧﺫ
                                                                         │ Claude  yesterday                            
                                                                         │    ﻪﺑ ﻩﺯﺎﺗ ﺭﺎﮐ ﻪﺳ ﻭ ﻢﺘﺷﻮﻧ notes.md ﺭﺩ ﺍﺭ ﻪﺻﻼﺧ
                                                                         │                         .ﻡﺩﻭﺰﻓﺍ «ﯼﺪﻌﺑ ﯼﺎﻫﺭﺎﮐ»
                                                                         │ You  yesterday                               
                                                                         │   Add an English version under the Persian   
                                                                         │   summary.                                   
                                                                         │ Claude  yesterday                            
                                                                         │   Done: the English version follows the      
                                                                         │   Persian one.                               
                                                                         │                                              
                                                                         │                                              
                                                                         │                                              
                                                                         │                                              
                                                                         │                                              
                                                                         │                                              
                                                                                                                        
↑↓ move  enter open  space 2 selected  c copy to  m move to  e export  / search  tab lists  ? more                v3.0.0