 Claude Switcher    Accounts  Chats  Activity  Usage  Doctor  Settings    ● work
──────────────────────────────━━━━━─────────────────────────────────────────────
 All 7   work 3   personal 4   Lost 1                                           
/ Type to search                                                         7 chats
                                                                                
  ☑ Fix the login redirect                         proj   just now      work    
  ☐ Trip plan                                      proj   just now      personal
  ☑ ﺩﻭﺭﻭ ﯼﻪﺤﻔﺻ ﯽﺴﯾﻮﻧﺯﺎﺑ                            proj   1h ago        work    
  ☐ Budget sheet                                   proj   ! no history  personal
  ☐ Release notes                                  proj   2h ago        work    
▌ ☐ ﺱﻼﮐ ﯼﺎﻫﺖﺷﺍﺩﺩﺎﯾ                                 ﺎﻫﺱﺭﺩ  yesterday     personal
  ☐ Old experiment                                 notes  5d ago        personal
                                                                                
                                                                                
────────────────────────────────────────────────────────────────────────────────
ﺱﻼﮐ ﯼﺎﻫﺖﺷﺍﺩﺩﺎﯾ                                                                  
/work/ﺎﻫﺱﺭﺩ                                                                     
personal · created Sep 28, 2026 · used yesterday                                
claude-opus-5 · 2 prompts · 2 replies                                           
First prompt                                                                    
      ﻢﻫ ﺍﺭ «ﯼﺪﻌﺑ ﯼﺎﻫﺭﺎﮐ» ﺶﺨﺑ ؛ﻦﮐ ﻩﺮﯿﺧﺫ notes.md ﺭﺩ ﻭ ﺲﯾﻮﻨﺑ ﺍﺭ ﺯﻭﺮﻣﺍ ﯼﻪﺴﻠﺟ ﯼﻪﺻﻼﺧ
                                                                       .ﻦﮐ ﺯﻭﺭﻪﺑ
                                                                                
↑↓ move  enter open  space 2 selected  c copy to  m move to  ? more       v3.0.0