nyxon Claude Switcher   Accounts · Chats · Activity · Usage · Doctor · Settings                   ● work  Desktop closed
────────────────────────━━━━━━━━────────────────────────────────────────────────────────────────────────────────────────
                                                                                                                        
                                                                                                                        
                                                                                                                        
                                                                                                                        
                                                                                                                        
                                                                                                                        
                                                                                                                        
                             ▄████████▄  ▐█▌       ██  ▀██▄    ▗▟█▛▘ ▄▟██████▙▖  ▗▟███████▄                             
                            ██▀      ▜█▙ ▐█▌       ██    ▀██▄▗▟█▛▘  ▐█▛      ▜█▖▗██▘     ▀██                            
                            ██       ▐██ ▐█▌      ▗██      █▛▝█▌    ▐█▌      ▐█▌▐█▌       ██                            
                            ██       ▐██ ▝██▖     ▟██    ▄██▀▝██▙▖  ▐█▙      ▟█▌▐█▌       ██                            
                            ██       ▐██  ▝▜█████████  ▄██▀    ▝██▙▖ ▀████████▀ ▐█▌       ██                            
                                                 ▗▟█▛                                                                   
                                               ▄██▛▘                                                                    
                                                                                                                        
                                    Switch Claude accounts without signing in again                                     
                                                                                                                        
                                                                                                                        
             ╭────────────────────────────╮  ╭────────────────────────────╮  ╭────────────────────────────╮             
             │ ○ client                   │  │ ○ personal                 │  │ ● work             ACTIVE  │             
             │ 0 chats           5d0e8a41 │  │ 2 chats           7a3f19b2 │  │ 3 chats           0ce4cc0c │             
             │ saved 45m ago              │  │ saved 3d ago               │  │ saved 2h ago               │             
             ╰────────────────────────────╯  ╰────────────────────────────╯  ╰────────────────────────────╯             
                                                                                                                        
             ╭╌╌╌╌╌╌╌╌╌╌╌╌╌╌╌╌╌╌╌╌╌╌╌╌╌╌╌╌╮                                                                             
             ╎                            ╎                                                                             
             ╎       + Add account        ╎                                                                             
             ╎                            ╎                                                                             
             ╰╌╌╌╌╌╌╌╌╌╌╌╌╌╌╌╌╌╌╌╌╌╌╌╌╌╌╌╌╯                                                                             
                                                                                                                        
                                                                                                                        
                                                                                                                        
                                                                                                                        
                                                                                                                        
                                                                                                                        
                                                                                                                        
                                                                                                                        
←↑↓→ move  enter switch  n add  s save login  r rename  d remove  m bring chats here  ? more                      v3.0.0