 Claude Switcher    Accounts  Chats  Activity  Usage  Doctor  Settings    ● work
────────────────────━━━━━━━━────────────────────────────────────────────────────
                                                                                
                                       ✦                                        
                         C L A U D E   S W I T C H E R                          
                                    by nyxon                                    
                                                                                
                Switch Claude accounts without signing in again                 
                                                                                
                                                                                
         ╭────────────────────────────╮  ╭────────────────────────────╮         
         │ ○ client                   │  │ ○ personal                 │         
         │ 0 chats           5d0e8a41 │  │ 2 chats           7a3f19b2 │         
         │ saved 45m ago              │  │ saved 3d ago               │         
         ╰────────────────────────────╯  ╰────────────────────────────╯         
                                                                                
         ╭────────────────────────────╮  ╭╌╌╌╌╌╌╌╌╌╌╌╌╌╌╌╌╌╌╌╌╌╌╌╌╌╌╌╌╮         
         │ ● work             ACTIVE  │  ╎                            ╎         
         │ 3 chats           0ce4cc0c │  ╎       + Add account        ╎         
         │ saved 2h ago               │  ╎                            ╎         
         ╰────────────────────────────╯  ╰╌╌╌╌╌╌╌╌╌╌╌╌╌╌╌╌╌╌╌╌╌╌╌╌╌╌╌╌╯         
                                                                                
                                                                                
←↑↓→ move  enter switch  n add  s save login  r rename  d remove  ? more  v3.0.0