ﺖﺳﺍ ﻪﺘﺴﺑ Desktop  work ●                    ﺕﺎﻤﯿﻈﻨﺗ · ﯽﺑﺎﯾﺐﯿﻋ · ﻑﺮﺼﻣ · ﺖﯿﻟﺎﻌﻓ · ﺎﻫﻮﮕﺘﻔﮔ · ﺎﻫﺏﺎﺴﺣ   nyxon Claude Switcher
──────────────────────────────────────────────────────────────────────────────────────────━━━━━━────────────────────────
                                                                                                                        
                                                                                                                        
                                                                                                                        
                                                                                                                        
                                                                                                                        
                                                                                                                        
                                                                                                                        
                             ▄████████▄  ▐█▌       ██  ▀██▄    ▗▟█▛▘ ▄▟██████▙▖  ▗▟███████▄                             
                            ██▀      ▜█▙ ▐█▌       ██    ▀██▄▗▟█▛▘  ▐█▛      ▜█▖▗██▘     ▀██                            
                            ██       ▐██ ▐█▌      ▗██      █▛▝█▌    ▐█▌      ▐█▌▐█▌       ██                            
                            ██       ▐██ ▝██▖     ▟██    ▄██▀▝██▙▖  ▐█▙      ▟█▌▐█▌       ██                            
                            ██       ▐██  ▝▜█████████  ▄██▀    ▝██▙▖ ▀████████▀ ▐█▌       ██                            
                                                 ▗▟█▛                                                                   
                                               ▄██▛▘                                                                    
                                                                                                                        
                                    ﺪﯾﻮﺷ ﺎﺟﻪﺑﺎﺟ Claude ﯼﺎﻫﺏﺎﺴﺣ ﻦﯿﺑ ،ﻩﺭﺎﺑﻭﺩ ﺩﻭﺭﻭ ﻥﻭﺪﺑ                                    
                                                                                                                        
                                                                                                                        
             ╭────────────────────────────╮  ╭────────────────────────────╮  ╭────────────────────────────╮             
             │  ﻝﺎﻌﻓ               work ● │  │                 personal ○ │  │                   client ○ │             
             │ 0ce4cc0c           ﻮﮕﺘﻔﮔ ۳ │  │ 7a3f19b2           ﻮﮕﺘﻔﮔ ۲ │  │ 5d0e8a41           ﻮﮕﺘﻔﮔ ۰ │             
             │        ﺪﺷ ﻩﺮﯿﺧﺫ ﺶﯿﭘ ﺖﻋﺎﺳ ۲ │  │         ﺪﺷ ﻩﺮﯿﺧﺫ ﺶﯿﭘ ﺯﻭﺭ ۳ │  │      ﺪﺷ ﻩﺮﯿﺧﺫ ﺶﯿﭘ ﻪﻘﯿﻗﺩ ۴۵ │             
             ╰────────────────────────────╯  ╰────────────────────────────╯  ╰────────────────────────────╯             
                                                                                                                        
                                                                             ╭╌╌╌╌╌╌╌╌╌╌╌╌╌╌╌╌╌╌╌╌╌╌╌╌╌╌╌╌╮             
                                                                             ╎                            ╎             
                                                                             ╎       ﺏﺎﺴﺣ ﻥﺩﻭﺰﻓﺍ +        ╎             
                                                                             ╎                            ╎             
                                                                             ╰╌╌╌╌╌╌╌╌╌╌╌╌╌╌╌╌╌╌╌╌╌╌╌╌╌╌╌╌╯             
                                                                                                                        
                                                                                                                        
                                                                                                                        
                                                                                                                        
                                                                                                                        
                                                                                                                        
                                                                                                                        
                                                                                                                        
v3.0.0                     ﺮﺘﺸﯿﺑ ?  ﺎﻫﻮﮕﺘﻔﮔ ﻥﺩﺭﻭﺁ m  ﻑﺬﺣ d  ﻡﺎﻧ ﺮﯿﯿﻐﺗ r  ﺩﻭﺭﻭ ﯼﻩﺮﯿﺧﺫ s  ﻥﺩﻭﺰﻓﺍ n  ﺾﯾﻮﻌﺗ enter  ﺖﮐﺮﺣ ←↑↓→