 Claude Switcher    Accounts  Chats  Activity  Usage  Doctor  Settings    ● work
─────────────────────────────────────━━━━━━━━───────────────────────────────────
                                                                                
   »  Cop  ╭────────────────────────────────────────────────────────╮   20m ago 
   +  Cop  │                                                        │    3h ago 
 ▌ →  Mov  │  Moved 3 chats from work to personal                   │    2d ago 
   ↑  Rec  │                                                        │   12d ago 
   +  Cop  │  Change  Move                                          │  15, 2026 
           │  When    Sep 27, 2026 · 10:00 · 2d ago                 │           
           │  Files   3 created · 3 replaced or removed             │           
           │                                                        │           
           │  local_00000004-0000-4000-8000-000000000000.json       │           
           │  local_00000005-0000-4000-8000-000000000000.json       │           
           │  local_00000006-0000-4000-8000-000000000000.json       │           
           │  local_00000007-0000-4000-8000-000000000000.json       │           
           │  local_00000008-0000-4000-8000-000000000000.json       │           
           │  local_00000009-0000-4000-8000-000000000000.json       │           
           │                                                        │           
           │                                                Close   │           
           │                                                        │           
           ╰────────────────────────────────────────────────────────╯           
                                                                                
                                                                                
esc close  ? more                                                         v3.0.0