                                                                                                                        
                                                                                                                        
                                                                                                                        
                                                                                                                        
                                                                                                                        
                                                                                                                        
                                                                                                                        
                                                                                                                        
                                                                                                                        
                                                                                                                        
                                                                                                                        
                                                                                                                        
                                                                                                                        
                                              Which line reads correctly?                                               
                                                                                                                        
                             Both lines hold the same Persian sentence. Pick the one whose                              
                                    letters are joined and read from right to left.                                     
                                                                                                                        
                                                                                                                        
                                      ▌ 1   ﺪﺷ ﺍﺪﯿﭘ (ﺭﺎﮐ ﯼﻩﮊﻭﺮﭘ ﺭﺩ) ﻩﺯﺎﺗ ﯼﻮﮕﺘﻔﮔ 12                                      
                                                                                                                        
                                        2   12 گفتگوی تازه (در پروژه‌ی کار) پیدا شد                                      
                                                                                                                        
                                                                                                                        
                                         You can change this later in Settings.                                         
                                                                                                                        
                                                                                                                        
                                                                                                                        
                                                                                                                        
                                                                                                                        
                                                                                                                        
                                                                                                                        
                                                                                                                        
                                                                                                                        
                                                                                                                        
                                                                                                                        
                                                                                                                        
                                                                                                                        
                                                                                                                        
                                    ↑↓ move   1 2 choose   enter continue   esc skip                                    