                                                                                
                                                                                
                                                                                
                                                                                
                                                                                
                                                                                
                                                                                
                                                                                
                 Save the account Claude Desktop is signed into                 
                                                                                
                 Give it a name to switch back to it any time.                  
                                                                                
                    ╭──────────────────────────────────────╮                    
                    │ work                                 │                    
                    ╰──────────────────────────────────────╯                    
                                                                                
                                                                                
                                                                                
                                                                                
                                                                                
                                                                                
                                                                                
                                                                                
                             enter save   esc later                             