                                                                                
                                                                                
                                                                                
                                                                                
                                                                                
                                                                                
                  ▗██▀▀▜█▄ ▐█    ▐█ ▝▜▙▖  ▄█▀ ▄█▛▀▜█▙ ▗▟██▀▜█▖                  
                  █▌    ▐█ ▐█    ▐█   ▝▜▌▜▛▘  █▌    █▌█▌    ▐█                  
                  █▌    ▐█ ▐█▖   ▟█   ▄█▘▜█▄  █▌   ▗█▘█▌    ▐█                  
                  ▀▘    ▝▀  ▀▀▀▀▀▜█  ▀▀   ▝▀▘ ▝▀▀▀▀▀▘ ▀▘    ▝▀                  
                               ▗▟▛▘                                             
                                                                                
                                                                                
                           Welcome to Claude Switcher                           
                                                                                
                Switch Claude accounts without signing in again                 
                                                                                
                                                                                
                                                                                
                                                                                
                                                                                
                                                                                
                                                                                
                           enter continue   esc skip                            