 Claude Switcher    Accounts  Chats  Activity  Usage  Doctor  Settings    ● work
──────────────────────────────────────────────────────────────━━━━━━━━──────────
                                                                                
                                                                                
                                                                                
            ▌ Theme                ‹ Auto ›                                     
              Auto matches your terminal’s light or dark background             
                                                                                
              Right-to-left text     Auto                                       
              How chat titles in Persian, Arabic or Hebrew are drawn            
              ╭──────────────────────────────╮                                  
              │ (۲ ﻪﺨﺴﻧ) ﺩﺭﻮﺒﺷﺍﺩ ﯼﻪﺤﻔﺻ ﯽﺣﺍﺮﻃ │                                  
              ╰──────────────────────────────╯                                  
                                                                                
              Update check           ● On                                       
              Look once a day for a new version of Claude Switcher              
                                                                                
              Show the welcome again ›                                          
              Walk through the first-run welcome once more                      
                                                                                
                                                                                
                                                                                
                                                                                
↑↓ move  ←→ change  ? more                                                v3.0.0