 Claude Switcher    Accounts  Chats  Activity  Usage  Doctor  Settings    ● work
─────────────────────────────────────━━━━━━━━───────────────────────────────────
                                                                                
 ▌ »  Copied 2 chats into work                                          20m ago 
   +  Copied 1 chat from personal to ﻪﻧﺎﺧ  undone                        3h ago 
   →  Moved 3 chats from work to personal                                2d ago 
   ↑  Recovered 2 chats into work                                       12d ago 
   +  Copied 12 chats from personal to work                        Aug 15, 2026 
                                                                                
                                                                                
                                                                                
                                                                                
                                                                                
                                                                                
                                                                                
                                                                                
                                                                                
                                                                                
                                                                                
                                                                                
                                                                                
                                                                                
                                                                                
↑↓ move  enter details  u undo latest  ? more                             v3.0.0